// Jest Snapshot v1, https://goo.gl/fbAQLP

exports[`Matches shallow shapshot 1`] = `
<li
  className="src-shared-components-TopcoderHeader-desktop-SubMenu-Item-___style__item___2Q-ud src-shared-components-TopcoderHeader-desktop-SubMenu-Item-___style__current___38PHh"
>
  <Connect(RRLinkWrapper)
    to="menu url"
  >
    icon url
    title
  </Connect(RRLinkWrapper)>
</li>
`;

exports[`Matches shallow shapshot 2`] = `
<li
  className="src-shared-components-TopcoderHeader-desktop-SubMenu-Item-___style__item___2Q-ud"
>
  <Connect(RRLinkWrapper)
    to="menu url"
  >
    icon url
    title
  </Connect(RRLinkWrapper)>
</li>
`;
